//Original
int eat = cake - (1 / 2) * cake;
    // more indented 4
